i-0dc417327eef2230d	UEFI firmware (version  built at 09:00:00 on Nov  1 2018)
[2J[01;01H[=3h[2J[01;01H[2J[01;01H[=3h[2J[01;01H[2J[01;01H[=3h[2J[01;01H[0m[35m[40m[0m[37m[40mdisks: sd0*
>> OpenBSD/arm64 BOOTAA64 1.24
|/-\|/-\|/boot> 
-\|/-\|/-\booting sd0a:/bsd: |/-\|/12705212-\|/-\|/-\|/-\|/-\|/-\|/-\|/-\|/-\|/-\|/-\|/-\|/-\|/-\|/-\|/-\|/-\|/-\|/-\|/-\|/-\|/-\|/-\|/-\|/-\|/-\|/-\|/-\|/-\|/-\|/-\|/-\|/-\|/-\|/-\|/-\|/-\|/-\|/-\|/-\|/-\|/-\|/-\|/-\|/-\|/-\|/-\|/-\|/-\|/-\|/-\|/-\|/-\|/-\|/-\|/-\|/-\|/-\|/-\|/-\|/-\|/-\|/-\|/-\|/-\|/-\|/-\|/-\|/-\|/-\|/-\|/-\|/-\|/-\|/-\|/-\|/-\|/-\|/-\|/-\|/-\|/-\|/-\|/-\|/-\|/-\|/-\|/-\|/-\|/-\|/-\|/-\|/-\|/-\|/-\|/-\|/-\|/-\|/-\|/-\|/-\|/-\|/-\|/-\|/-\|/-\|/-\|/-\|/-\|/-\|/-\|/-\|/-\|/-\|/-\|/-\|/-\|/[2026-06-19T01:01:28.010441]-\|/-\|/-\|/-\|/-\|/-\|/-\|/-\|/-\|/-\|/-\|/-\|/-\|/-\|/-\|/-\|/-\|/-\|/-\|/-\|/-\|/-\|/-\|/-\|/-\|/-\|/-\|/-\|/-\|/-\|/-\|/-\|/-\|/-\|/-\|/-\|/-\|/-\|/-\|/-\|/-\|/-\|/-\|/-\|/-\|/-\|/-\|/-\|/-\|/-\|/-\|/-\|/-\|/-\|/-\|/-\|/-\|/-\|/-\|/-\|/-\|/-\|/-\|/-\|/-\|/-\|/-\|/-\|/-\|/-\|/-\|/-\|/-\|/-\|/-\|/-\|/-\|/-+3010072\|/-\|/-\|/-\|/-\|/-\|/-\|/-\|/-\|/-\|/-\|/-\|/-\|/-\|/-\|/-\|/-\|/-\|/-\|/-\|/-\|/-\|/-\|/-\|/-\|/-\|/-\|/-\|/-\|/-\|/-\|/-\|/-\|/-\|/-\|/-\|/-\|/-\|/-\|/-\|/-\|/-\|/-\|/-\|/-\|/-\|/-[2026-06-19T01:01:30.410041]+319920\|/-\|/-\|/-\|/-\|/-+854680\ [1120596|/-\|/-\|/-\|/-\|/-\|/-\|/-\|/-\|/-\|/-\|/-\|/-\|/-\|/-\|/-\|/-\|/-\|+91+1403280/-\|/-\|/-\|/-\|/-\|/-\|/-\|/-\|/-\|/-\|/-\|/-\|/-\|/-\|/-\|/-\|/-\|/-\|/-\|/-\|/-\|/-+902323\|/-\|/-\|/-\|/-\|/-\|/-\|/-\|/-\|/-\|/-\|/-\|/-\|/-\|/]=0x1663748
FACP APIC SPCR GTDT MCFG SLIT IORT PPTT 
[ using 3427072 bytes of bsd ELF symbol table ]
Copyright (c) 1982, 1986, 1989, 1991, 1993
	The Regents of the University of California.  All rights reserved.
Copyright (c) 1995-2026 OpenBSD. All rights reserved.  https://www.OpenBSD.org

OpenBSD 7.9 (GENERIC.ENA) #1: Thu Jun 18 20:27:23 EDT 2026
    root@obsd-vm.my.domain:/usr/obj/sys/arch/arm64/compile/GENERIC.ENA
real mem  = 490606592 (467MB)
avail mem = 434561024 (414MB)
random: good seed from bootblocks
mainbus0 at root: ACPI
psci0 at mainbus0: PSCI 1.0, SMCCC 1.1
efi0 at mainbus0: UEFI 2.7
efi0: EDK II rev 0x10000
smbios0 at efi0: SMBIOS 3.0.0
smbios0: vendor Amazon EC2 version "1.0" date 11/1/2018
smbios0: Amazon EC2 t4g.nano
cpu0 at mainbus0 mpidr 0: ARM Neoverse N1 r3p1
cpu0: 64KB 64b/line 4-way L1 PIPT I-cache, 0KB 64b/line 1-way L1 D-cache
cpu0: 0KB 64b/line 1-way L2 cache
cpu0: DP,RDM,Atomic,CRC32,SHA2,SHA1,AES+PMULL,LRCPC,DPB,ASID16,PAN+ATS1E1,LO,HPDS,VH,HAFDBS,CSV3,CSV2,RAS,AdvSIMD+HP,FP+HP,SSBS+MSR
apm0 at mainbus0
agintc0 at mainbus0 shift 4:4 nirq 128 nredist 2: "interrupt-controller"
agintcmsi0 at agintc0
agtimer0 at mainbus0: 121875 kHz
acpi0 at mainbus0: ACPI 6.0
acpi0: sleep states
acpi0: tables DSDT FACP APIC SPCR GTDT MCFG SLIT IORT PPTT
acpi0: wakeup devices
acpimcfg0 at acpi0
acpimcfg0: addr 0x20000000, bus 0-255
acpiiort0 at acpi0
acpicpu0 at acpi0 C000
acpicpu1 at acpi0 C001
"QEMU0002" at acpi0 not configured
"AMZNC10C" at acpi0 not configured
acpipci0 at acpi0 PCI0
pci0 at acpipci0
vendor "Amazon.com", unknown product 0x0200 (class bridge subclass host, rev 0x00) at pci0 dev 0 function 0 not configured
vendor "Amazon.com", unknown product 0x8250 (class communications subclass serial, rev 0x00) at pci0 dev 1 function 0 not configured
nvme0 at pci0 dev 4 function 0 vendor "Amazon.com", unknown product 0x8061 rev 0x00: msix, NVMe 1.0
nvme0: Amazon Elastic Block Store, firmware 1.0, serial vol05819806715ee6988
nvme0: unable to create io q
ena0 at pci0 dev 5 function 0 "Amazon.com Elastic Network Adapter (VF)" rev 0x00: msix
ena0: ENA ver 0.10, ctrl ver 0, MTU max 9216, address 12:ad:bd:73:5d:45
ena0: attached
"ARMH0061" at acpi0 not configured
acpibtn0 at acpi0: PWRB
acpibtn1 at acpi0: SLPB
acpige0 at acpi0 irq 48, 49, 50, 51, 52, 53, 54, 55
vscsi0 at root
scsibus0 at vscsi0: 256 targets
softraid0 at root
scsibus1 at softraid0: 256 targets
	2026-06-19T01:03:00+00:00
